// Jest Snapshot v1, https://goo.gl/fbAQLP

exports[`renders ./components/notice-bar/demo/basic.native.tsx correctly 1`] = `
<View
  style={
    Object {
      "marginTop": 10,
    }
  }
>
  <View
    style={
      Array [
        Object {
          "height": 15,
        },
        undefined,
      ]
    }
  />
  <View
    accessibilityComponentType={undefined}
    accessibilityLabel={undefined}
    accessibilityTraits={undefined}
    accessible={true}
    hitSlop={undefined}
    onLayout={undefined}
    onResponderGrant={[Function]}
    onResponderMove={[Function]}
    onResponderRelease={[Function]}
    onResponderTerminate={[Function]}
    onResponderTerminationRequest={[Function]}
    onStartShouldSetResponder={[Function]}
    style={
      Array [
        Object {
          "alignItems": "center",
          "backgroundColor": "#fffada",
          "flexDirection": "row",
          "height": 36,
          "overflow": "hidden",
        },
        undefined,
      ]
    }
    testID={undefined}
  >
    <View
      style={
        Object {
          "marginLeft": 15,
        }
      }
    >
      <Image
        source={
          Object {
            "uri": "https://zos.alipayobjects.com/rmsportal/UgviADRsIpznkjSEXWEaPTlKtPCMSlth.png",
          }
        }
        style={
          Object {
            "height": 12,
            "width": 14,
          }
        }
      />
    </View>
    <View
      style={
        Array [
          Object {
            "flex": 1,
            "marginRight": 15,
            "overflow": "hidden",
          },
          Object {
            "marginLeft": 5,
          },
        ]
      }
    >
      <View
        onLayout={[Function]}
        style={
          Object {
            "alignItems": "center",
            "flex": 1,
            "flexDirection": "row",
          }
        }
      >
        <View
          style={
            Object {
              "flexDirection": "row",
              "left": 0,
              "width": 1000,
            }
          }
        >
          <Text
            accessible={true}
            allowFontScaling={true}
            ellipsizeMode="tail"
            numberOfLines={1}
            onLayout={[Function]}
            style={
              Object {
                "color": "red",
                "fontSize": 12,
              }
            }
          >
            Notice: The arrival time of incomes and transfers of Yu 'E Bao will be delayed during National Day.
          </Text>
        </View>
      </View>
    </View>
  </View>
  <View
    style={
      Array [
        Object {
          "height": 15,
        },
        undefined,
      ]
    }
  />
  <View
    style={
      Array [
        Object {
          "alignItems": "center",
          "backgroundColor": "#fffada",
          "flexDirection": "row",
          "height": 36,
          "overflow": "hidden",
        },
        undefined,
      ]
    }
  >
    <View
      style={
        Object {
          "marginLeft": 15,
        }
      }
    >
      <Image
        source={
          Object {
            "uri": "https://zos.alipayobjects.com/rmsportal/UgviADRsIpznkjSEXWEaPTlKtPCMSlth.png",
          }
        }
        style={
          Object {
            "height": 12,
            "width": 14,
          }
        }
      />
    </View>
    <View
      style={
        Array [
          Object {
            "flex": 1,
            "marginRight": 15,
            "overflow": "hidden",
          },
          Object {
            "marginLeft": 5,
          },
        ]
      }
    >
      <View
        onLayout={[Function]}
        style={
          Object {
            "alignItems": "center",
            "flex": 1,
            "flexDirection": "row",
          }
        }
      >
        <View
          style={
            Object {
              "flexDirection": "row",
              "left": 0,
              "width": 1000,
            }
          }
        >
          <Text
            accessible={true}
            allowFontScaling={true}
            ellipsizeMode="tail"
            numberOfLines={1}
            onLayout={[Function]}
            style={
              Object {
                "color": "#f4333c",
                "fontSize": 15,
              }
            }
          >
            Notice: The arrival time of incomes and transfers of Yu 'E Bao will be delayed during National Day.
          </Text>
        </View>
      </View>
    </View>
    <View
      accessibilityComponentType={undefined}
      accessibilityLabel={undefined}
      accessibilityTraits={undefined}
      accessible={true}
      hitSlop={undefined}
      onLayout={undefined}
      onResponderGrant={[Function]}
      onResponderMove={[Function]}
      onResponderRelease={[Function]}
      onResponderTerminate={[Function]}
      onResponderTerminationRequest={[Function]}
      onStartShouldSetResponder={[Function]}
      style={undefined}
      testID={undefined}
    >
      <Text
        accessible={true}
        allowFontScaling={true}
        ellipsizeMode="tail"
        style={
          Array [
            Object {
              "color": "#f4333c",
              "fontSize": 18,
              "fontWeight": "200",
              "marginRight": 15,
              "textAlign": "left",
            },
          ]
        }
      >
        ×
      </Text>
    </View>
  </View>
  <View
    style={
      Array [
        Object {
          "height": 15,
        },
        undefined,
      ]
    }
  />
  <View
    style={
      Array [
        Object {
          "alignItems": "center",
          "backgroundColor": "#fffada",
          "flexDirection": "row",
          "height": 36,
          "overflow": "hidden",
        },
        undefined,
      ]
    }
  >
    <View
      style={
        Object {
          "marginLeft": 15,
        }
      }
    >
      <Image
        source={
          Object {
            "uri": "https://zos.alipayobjects.com/rmsportal/bRnouywfdRsCcLU.png",
          }
        }
        style={
          Object {
            "height": 12,
            "width": 12,
          }
        }
      />
    </View>
    <View
      style={
        Array [
          Object {
            "flex": 1,
            "marginRight": 15,
            "overflow": "hidden",
          },
          Object {
            "marginLeft": 5,
          },
        ]
      }
    >
      <View
        onLayout={[Function]}
        style={
          Object {
            "alignItems": "center",
            "flex": 1,
            "flexDirection": "row",
          }
        }
      >
        <View
          style={
            Object {
              "flexDirection": "row",
              "left": 0,
              "width": 1000,
            }
          }
        >
          <Text
            accessible={true}
            allowFontScaling={true}
            ellipsizeMode="tail"
            numberOfLines={1}
            onLayout={[Function]}
            style={
              Object {
                "color": "#f4333c",
                "fontSize": 15,
              }
            }
          >
            Customized icon.
          </Text>
        </View>
      </View>
    </View>
    <View
      accessibilityComponentType={undefined}
      accessibilityLabel={undefined}
      accessibilityTraits={undefined}
      accessible={true}
      hitSlop={undefined}
      onLayout={undefined}
      onResponderGrant={[Function]}
      onResponderMove={[Function]}
      onResponderRelease={[Function]}
      onResponderTerminate={[Function]}
      onResponderTerminationRequest={[Function]}
      onStartShouldSetResponder={[Function]}
      style={undefined}
      testID={undefined}
    >
      <Text
        accessible={true}
        allowFontScaling={true}
        ellipsizeMode="tail"
        style={
          Array [
            Object {
              "color": "#f4333c",
              "fontSize": 18,
              "fontWeight": "200",
              "marginRight": 15,
              "textAlign": "left",
            },
          ]
        }
      >
        ×
      </Text>
    </View>
  </View>
  <View
    style={
      Array [
        Object {
          "height": 15,
        },
        undefined,
      ]
    }
  />
  <View
    accessibilityComponentType={undefined}
    accessibilityLabel={undefined}
    accessibilityTraits={undefined}
    accessible={true}
    hitSlop={undefined}
    onLayout={undefined}
    onResponderGrant={[Function]}
    onResponderMove={[Function]}
    onResponderRelease={[Function]}
    onResponderTerminate={[Function]}
    onResponderTerminationRequest={[Function]}
    onStartShouldSetResponder={[Function]}
    style={
      Array [
        Object {
          "alignItems": "center",
          "backgroundColor": "#fffada",
          "flexDirection": "row",
          "height": 36,
          "overflow": "hidden",
        },
        undefined,
      ]
    }
    testID={undefined}
  >
    <View
      style={
        Object {
          "marginLeft": 15,
        }
      }
    >
      <Image
        source={
          Object {
            "uri": "https://zos.alipayobjects.com/rmsportal/UgviADRsIpznkjSEXWEaPTlKtPCMSlth.png",
          }
        }
        style={
          Object {
            "height": 12,
            "width": 14,
          }
        }
      />
    </View>
    <View
      style={
        Array [
          Object {
            "flex": 1,
            "marginRight": 15,
            "overflow": "hidden",
          },
          Object {
            "marginLeft": 5,
          },
        ]
      }
    >
      <View
        onLayout={[Function]}
        style={
          Object {
            "alignItems": "center",
            "flex": 1,
            "flexDirection": "row",
          }
        }
      >
        <View
          style={
            Object {
              "flexDirection": "row",
              "left": 0,
              "width": 1000,
            }
          }
        >
          <Text
            accessible={true}
            allowFontScaling={true}
            ellipsizeMode="tail"
            numberOfLines={1}
            onLayout={[Function]}
            style={
              Object {
                "color": "#f4333c",
                "fontSize": 15,
              }
            }
          >
            Notice: The arrival time of incomes and transfers of Yu 'E Bao will be delayed during National Day.
          </Text>
        </View>
      </View>
    </View>
    <Text
      accessible={true}
      allowFontScaling={true}
      ellipsizeMode="tail"
      style={
        Array [
          Object {
            "color": "#f4333c",
            "fontSize": 10,
            "fontWeight": "500",
            "marginRight": 15,
            "textAlign": "left",
            "transform": Array [
              Object {
                "rotate": "225deg",
              },
            ],
          },
        ]
      }
    >
      ∟
    </Text>
  </View>
  <View
    style={
      Array [
        Object {
          "height": 15,
        },
        undefined,
      ]
    }
  />
  <View
    accessibilityComponentType={undefined}
    accessibilityLabel={undefined}
    accessibilityTraits={undefined}
    accessible={true}
    hitSlop={undefined}
    onLayout={undefined}
    onResponderGrant={[Function]}
    onResponderMove={[Function]}
    onResponderRelease={[Function]}
    onResponderTerminate={[Function]}
    onResponderTerminationRequest={[Function]}
    onStartShouldSetResponder={[Function]}
    style={
      Array [
        Object {
          "alignItems": "center",
          "backgroundColor": "#fffada",
          "flexDirection": "row",
          "height": 36,
          "overflow": "hidden",
        },
        undefined,
      ]
    }
    testID={undefined}
  >
    <View
      style={
        Object {
          "marginLeft": 15,
        }
      }
    >
      <Image
        source={
          Object {
            "uri": "https://zos.alipayobjects.com/rmsportal/UgviADRsIpznkjSEXWEaPTlKtPCMSlth.png",
          }
        }
        style={
          Object {
            "height": 12,
            "width": 14,
          }
        }
      />
    </View>
    <View
      style={
        Array [
          Object {
            "flex": 1,
            "marginRight": 15,
            "overflow": "hidden",
          },
          Object {
            "marginLeft": 5,
          },
        ]
      }
    >
      <View
        onLayout={[Function]}
        style={
          Object {
            "alignItems": "center",
            "flex": 1,
            "flexDirection": "row",
          }
        }
      >
        <View
          style={
            Object {
              "flexDirection": "row",
              "left": 0,
              "width": 1000,
            }
          }
        >
          <Text
            accessible={true}
            allowFontScaling={true}
            ellipsizeMode="tail"
            numberOfLines={1}
            onLayout={[Function]}
            style={
              Object {
                "color": "#f4333c",
                "fontSize": 15,
              }
            }
          >
            Notice: The arrival time of incomes and transfers of Yu 'E Bao will be delayed during National Day.
          </Text>
        </View>
      </View>
    </View>
    <Text
      accessible={true}
      allowFontScaling={true}
      ellipsizeMode="tail"
      style={
        Array [
          Object {
            "color": "#f4333c",
            "fontSize": 10,
            "fontWeight": "500",
            "marginRight": 15,
            "textAlign": "left",
            "transform": Array [
              Object {
                "rotate": "225deg",
              },
            ],
          },
        ]
      }
    >
      ∟
    </Text>
  </View>
  <View
    style={
      Array [
        Object {
          "height": 15,
        },
        undefined,
      ]
    }
  />
  <View
    style={
      Array [
        Object {
          "alignItems": "center",
          "backgroundColor": "#fffada",
          "flexDirection": "row",
          "height": 36,
          "overflow": "hidden",
        },
        undefined,
      ]
    }
  >
    <View
      style={
        Array [
          Object {
            "flex": 1,
            "marginRight": 15,
            "overflow": "hidden",
          },
          Object {
            "marginLeft": 15,
          },
        ]
      }
    >
      <View
        onLayout={[Function]}
        style={
          Object {
            "alignItems": "center",
            "flex": 1,
            "flexDirection": "row",
          }
        }
      >
        <View
          style={
            Object {
              "flexDirection": "row",
              "left": 0,
              "width": 1000,
            }
          }
        >
          <Text
            accessible={true}
            allowFontScaling={true}
            ellipsizeMode="tail"
            numberOfLines={1}
            onLayout={[Function]}
            style={
              Object {
                "color": "#f4333c",
                "fontSize": 15,
              }
            }
          >
            Remove the default icon.
          </Text>
        </View>
      </View>
    </View>
    <View
      accessibilityComponentType={undefined}
      accessibilityLabel={undefined}
      accessibilityTraits={undefined}
      accessible={true}
      hitSlop={undefined}
      onLayout={undefined}
      onResponderGrant={[Function]}
      onResponderMove={[Function]}
      onResponderRelease={[Function]}
      onResponderTerminate={[Function]}
      onResponderTerminationRequest={[Function]}
      onStartShouldSetResponder={[Function]}
      style={undefined}
      testID={undefined}
    >
      <Text
        accessible={true}
        allowFontScaling={true}
        ellipsizeMode="tail"
        style={
          Array [
            Object {
              "color": "#f4333c",
              "fontSize": 18,
              "fontWeight": "200",
              "marginRight": 15,
              "textAlign": "left",
            },
          ]
        }
      >
        ×
      </Text>
    </View>
  </View>
</View>
`;
