// Jest Snapshot v1, https://goo.gl/fbAQLP

exports[`renders ./components/refresh-control/demo/basic.md correctly 1`] = `
<div
  class="am-list-view-scrollview"
  style="position:relative;overflow:hidden;flex:1;height:0;border:1px solid #ddd;margin:5px 0;"
>
  <div
    class="am-list-view-scrollview-content am-list"
    style="position:absolute;min-width:100%;"
  >
    <div
      class="am-refresh-control-ptr am-refresh-control-loading"
    >
      <div
        class="am-refresh-control-ptr-icon"
      >
        <div
          class="am-refresh-control-pull"
        >
          <span>
            下拉可以刷新
          </span>
        </div>
        <div
          class="am-refresh-control-release"
        >
          <span>
            松开立即刷新
          </span>
        </div>
      </div>
      <div
        class="am-refresh-control-ptr-loading"
      >
        <svg
          class="am-icon am-icon-loading am-icon-md"
        >
          <use
            xlink:href="#loading"
          />
        </svg>
      </div>
    </div>
    <div
      class="am-list-header"
    >
      <span>
        Pull to refresh
      </span>
    </div>
    <div
      class="am-list-body"
    />
    <div
      class="am-list-footer"
    >
      <div
        style="padding:30px;text-align:center;"
      >
        Loaded
      </div>
    </div>
  </div>
</div>
`;
