// Jest Snapshot v1, https://goo.gl/fbAQLP

exports[`renders ./components/locale-provider/demo/basic.md correctly 1`] = `
<div
  class="am-wingblank am-wingblank-lg"
>
  <a
    aria-disabled="false"
    class="am-button am-button-primary"
    role="button"
  >
    <span>
      change to chinese
    </span>
  </a>
  <div
    class="am-whitespace am-whitespace-md"
  />
  <div>
    <div
      class="am-pagination"
    >
      <div
        class="am-flexbox am-flexbox-align-center"
      >
        <div
          class="am-flexbox-item am-pagination-wrap-btn am-pagination-wrap-btn-prev"
        >
          <a
            aria-disabled="true"
            class="am-button am-button-inline am-button-disabled"
            role="button"
          >
            <span>
              Prev
            </span>
          </a>
        </div>
        <div
          aria-live="assertive"
          class="am-flexbox-item am-pagination-wrap"
        >
          <span
            class="active"
          >
            1
          </span>
          /
          <span>
            5
          </span>
        </div>
        <div
          class="am-flexbox-item am-pagination-wrap-btn am-pagination-wrap-btn-next"
        >
          <a
            aria-disabled="false"
            class="am-button am-button-inline"
            role="button"
          >
            <span>
              Next
            </span>
          </a>
        </div>
      </div>
    </div>
    <div
      class="am-whitespace am-whitespace-md"
    />
    <div
      class="am-list date-picker-list"
      style="background-color:white;"
    >
      <div
        class="am-list-body"
      >
        <div>
          <div
            class="am-list-item am-list-item-middle"
          >
            <div
              class="am-list-line"
            >
              <div
                class="am-list-content"
              >
                date
              </div>
              <div
                class="am-list-extra"
              >
                Click to see i18n text
              </div>
              <div
                aria-hidden="true"
                class="am-list-arrow am-list-arrow-horizontal"
              />
            </div>
            <div
              class="am-list-ripple"
              style="display:none;"
            />
          </div>
        </div>
      </div>
    </div>
    <div
      class="am-whitespace am-whitespace-md"
    />
    <div
      class="am-list-item am-input-item"
    >
      <div
        class="am-input-control"
      >
        <div
          class="fake-input-container"
        >
          <div
            class="fake-input-placeholder"
          >
            money input
          </div>
          <div
            class="fake-input"
          />
        </div>
      </div>
    </div>
  </div>
</div>
`;
